2024-03-25T10:41:20.671495 : 111.txt (Не удается найти указанный файл)
2024-03-25T10:42:03.098235700 : 1jkfsdghrd1.txt (Не удается найти указанный файл)
2024-03-25T10:42:27.405978 : new.txt (Не удается найти указанный файл)
